// Jest Snapshot v1, https://goo.gl/fbAQLP

exports[`App component renders correctly 1`] = `
<div>
  <Teamleaders
    changeSide={[Function]}
    photos={Array []}
    sample={Array []}
    side="Offense"
  />
</div>
`;
